// Jest Snapshot v1, https://goo.gl/fbAQLP

exports[`should render ExpenseListItem with provided expense 1`] = `
<Link
  className="list-item"
  replace={false}
  to="/edit/1"
>
  <div>
    <h3
      className="list-item__title"
    >
      Credit Card Bill
    </h3>
    <span
      className="list-item__sub-title"
    >
      December 28th, 1969
    </span>
  </div>
  <h3
    className="list-item__data"
  >
    â‚¹10,000.00
  </h3>
</Link>
`;
